// Vitest Snapshot v1, https://vitest.dev/guide/snapshot.html

exports[`Vertical registry (Phase 1 abstraction) > locks biotech engine output against drift (regression gate for existing orgs) 1`] = `
{
  "actionTimeframe": "immediate",
  "confidence": "low",
  "criticalControlGaps": [
    "Biosafety and containment: biosafety review, appropriate containment level, PPE matched to hazard",
    "Equipment, calibration, and engineering controls: stop-use or restricted-use review, EHS/engineering assessment, impact assessment for affected work",
    "Document readiness is incomplete or missing.",
    "Training status is incomplete, expired, or missing.",
    "Audit evidence readiness is incomplete or missing.",
  ],
  "doNotClaim": [
    "Do not claim an area or task is safe.",
    "Do not claim an exposure is within limits without monitoring data.",
    "Do not claim a hazard is controlled.",
    "Do not claim a corrective action is closed.",
    "Do not claim a corrective/preventive action is adequate.",
    "Do not claim an SOP or safe-work procedure is approved.",
    "Do not claim a change is approved.",
    "Do not claim an incident is fully investigated.",
    "Do not certify return-to-work or clearance.",
    "Do not guarantee regulatory compliance.",
    "Draft AI recommendation - human review required. This does not certify compliance, approve documents, close corrective actions, clear hazards, or replace qualified EHS review.",
  ],
  "escalationRequired": true,
  "explanation": "Based on available data, this is a potential critical biotech risk with low confidence. Primary drivers include Biosafety exposure, release, spill, sharps, aerosol, or containment concern, Critical equipment out of tolerance affecting active work, Map-derived readiness evidence shows a training, document, or audit-readiness gap.. Missing information includes current training assignment evidence, current document readiness evidence, audit evidence package readiness, biosafety officer review. Human review is required before relying on next steps. Draft AI recommendation - human review required. This does not certify compliance, approve documents, close corrective actions, clear hazards, or replace qualified EHS review. This draft assessment does not replace EHS, biosafety, industrial hygiene, regulatory, or qualified safety judgment.",
  "holdOrQuarantineReviewRecommended": true,
  "humanReviewReason": "Critical risk requires immediate human review and possible stop-work, isolation, lockout, or escalation evaluation.",
  "humanReviewRequired": true,
  "level": "critical",
  "missingInformation": [
    "current training assignment evidence",
    "current document readiness evidence",
    "audit evidence package readiness",
    "biosafety officer review",
    "containment level verification",
  ],
  "recommendedActions": [
    {
      "actionType": "containment_review",
      "ownerRole": "biosafety_officer",
      "priority": "urgent",
      "reason": "Review biosafety and containment controls before relying on this assessment.",
      "referenceRuleIds": [],
      "sourceRecords": [],
      "title": "Biosafety and containment review",
    },
    {
      "actionType": "equipment_review",
      "ownerRole": "validation_lead",
      "priority": "urgent",
      "reason": "Review equipment, calibration, and engineering controls controls before relying on this assessment.",
      "referenceRuleIds": [],
      "sourceRecords": [],
      "title": "Equipment, calibration, and engineering controls review",
    },
    {
      "actionType": "documentation_review",
      "ownerRole": "qa",
      "priority": "urgent",
      "reason": "Reference rules or document-readiness context indicate a draft document review is needed.",
      "referenceRuleIds": [],
      "sourceRecords": [],
      "title": "Review mapped document gaps",
    },
    {
      "actionType": "training_review",
      "ownerRole": "qa",
      "priority": "urgent",
      "reason": "Training assignment or competency context is missing, expired, or incomplete.",
      "referenceRuleIds": [],
      "sourceRecords": [],
      "title": "Review training impact",
    },
    {
      "actionType": "deviation_or_capa",
      "ownerRole": "ehs",
      "priority": "urgent",
      "reason": "Incident, repeat finding, audit finding, equipment, or sample context indicates corrective-action screening may be required.",
      "referenceRuleIds": [],
      "sourceRecords": [],
      "title": "Screen for corrective action",
    },
  ],
  "score": 81,
  "sourceTrace": {
    "referenceRuleIds": [],
    "sourceRecords": [],
  },
  "topDrivers": [
    {
      "category": "biosafety",
      "explanation": "Biosafety exposure, release, spill, sharps, aerosol, or containment concern requires escalation.",
      "impact": "high",
      "label": "Biosafety exposure, release, spill, sharps, aerosol, or containment concern",
    },
    {
      "category": "equipment",
      "explanation": "Critical equipment out of tolerance affecting active work requires stop-use or impact review.",
      "impact": "critical",
      "label": "Critical equipment out of tolerance affecting active work",
    },
    {
      "category": "training",
      "explanation": "Map-derived readiness evidence shows a training, document, or audit-readiness gap.",
      "impact": "high",
      "label": "Map-derived readiness evidence shows a training, document, or audit-readiness gap.",
    },
    {
      "category": "biosafety",
      "explanation": "Matched biotech risk family from local engine blueprint: Biosafety and containment.",
      "impact": "high",
      "label": "Biosafety and containment",
    },
    {
      "category": "equipment",
      "explanation": "Matched biotech risk family from local engine blueprint: Equipment, calibration, and engineering controls.",
      "impact": "high",
      "label": "Equipment, calibration, and engineering controls",
    },
    {
      "category": "controls",
      "explanation": "One or more required controls are missing or unverified in the assessment input.",
      "impact": "high",
      "label": "Critical control verification gap",
    },
    {
      "category": "training",
      "explanation": "Mapped training status is missing, expired, or incomplete.",
      "impact": "high",
      "label": "Training impact context",
    },
    {
      "category": "controls",
      "explanation": "Mapped document readiness indicates missing or incomplete controlled documentation.",
      "impact": "high",
      "label": "Document readiness context",
    },
    {
      "category": "regulatory",
      "explanation": "Mapped audit evidence readiness indicates incomplete evidence packaging.",
      "impact": "high",
      "label": "Audit evidence readiness",
    },
  ],
}
`;
